// Jest Snapshot v1, https://goo.gl/fbAQLP

exports[`Given a website for API testing Consume PATCH Service with query parameters 1`] = `
Object {
  "age": 23,
  "city": "Medellin",
  "name": "Sebastián",
}
`;

exports[`Given a website for API testing Consume PUT Service with query parameters 1`] = `
Object {
  "age": 23,
  "city": "Medellin",
  "name": "Sebastián",
}
`;

exports[`Given a website for API testing When consume DELETE service with query parameters 1`] = `
Object {
  "age": 23,
  "city": "Medellin",
  "name": "Sebastián",
}
`;

exports[`Given a website for API testing When consume GET service with query parameters 1`] = `
Object {
  "age": "31",
  "city": "New York",
  "name": "John",
}
`;

exports[`Given a website for API testing When consume POST service with query parameters 1`] = `
Object {
  "age": "31",
  "city": "New York",
  "name": "John",
}
`;
